C51 COMPILER V9.00   QUDONG                                                                05/18/2015 22:55:12 PAGE 1   


C51 COMPILER V9.00, COMPILATION OF MODULE QUDONG
OBJECT MODULE PLACED IN .\output\qudong.obj
COMPILER INVOKED BY: d:\Keil\C51\BIN\C51.EXE qudong.c BROWSE DEBUG OBJECTEXTEND PRINT(.\list\qudong.lst) OBJECT(.\output
                    -\qudong.obj)

line level    source

   1          #include"qudong.h"
   2          
   3          void zhixian(void)//前进
   4          {
   5   1              in1=0;
   6   1              in2=1;
   7   1              in3=1;
   8   1              in4=0;  
   9   1      } 
  10          void stop(void)//停止
  11          {
  12   1              in1=0;
  13   1              in2=0;
  14   1              in3=0;
  15   1              in4=0;
  16   1      }
  17          void houtui(void)//后退 
  18          {
  19   1              in1=1;
  20   1              in2=0;
  21   1              in3=0;
  22   1              in4=1;
  23   1      } 
  24          void kuaizuozhuan(void)//快速左转
  25          {
  26   1              in1=1;
  27   1              in2=0;
  28   1              in3=1;
  29   1              in4=0;
  30   1      }
  31          void kuaiyouzhuan(void)//快速右转
  32          {
  33   1              in1=0;
  34   1              in2=1;
  35   1              in3=0;
  36   1              in4=1;
  37   1      } 
  38          void manzuozhuan(void)//慢左转
  39          {
  40   1              in1=0;
  41   1              in2=0;
  42   1              in3=1;
  43   1              in4=0;
  44   1      }
  45          void manyouzhuan(void)//慢右转
  46          {
  47   1              in1=0;
  48   1              in2=1;
  49   1              in3=0;
  50   1              in4=0;
  51   1      }
  52          
  53          
  54          void qudong(void)
C51 COMPILER V9.00   QUDONG                                                                05/18/2015 22:55:12 PAGE 2   

  55          {                                                
  56   1              delay_us(1000);
  57   1              nRF24L01_Init();
  58   1              while(1)
  59   1              {
  60   2                      nRF24L01_Set_RX_Mode();
  61   2                      delay_ms(100);
  62   2                      if(nRF24L01_RX_Data())
  63   2                      {
  64   3                              if(RX_Buffer[0]==0xfe)
  65   3                              {
  66   4                                 zhixian();
  67   4                              } 
  68   3                              if(RX_Buffer[0]==0xfb)
  69   3                              {
  70   4                                      houtui();       
  71   4                              }
  72   3                              if(RX_Buffer[0]==0xfd)
  73   3                              {
  74   4                                      manzuozhuan();
  75   4                              }
  76   3                              if(RX_Buffer[0]==0xf7)
  77   3                              {
  78   4                                      manyouzhuan();  
  79   4                              }
  80   3                              if(RX_Buffer[0]==0xef)
  81   3                              {
  82   4                                      kuaiyouzhuan();
  83   4                              } 
  84   3                              if(RX_Buffer[0]==0xdf)
  85   3                              {
  86   4                                      stop(); 
  87   4                              }
  88   3                              if(RX_Buffer[0]==0xbf)
  89   3                              {
  90   4                                      kuaizuozhuan();
  91   4                              }
  92   3                      }
  93   2                      else
  94   2                      {
  95   3                              in1=0;
  96   3                              in2=0;
  97   3                              in3=0;
  98   3                              in4=0;
  99   3                      }
 100   2              }
 101   1      }


MODULE INFORMATION:   STATIC OVERLAYABLE
   CODE SIZE        =    157    ----
   CONSTANT SIZE    =   ----    ----
   XDATA SIZE       =   ----    ----
   PDATA SIZE       =   ----    ----
   DATA SIZE        =   ----    ----
   IDATA SIZE       =   ----    ----
   BIT SIZE         =   ----    ----
END OF MODULE INFORMATION.


C51 COMPILATION COMPLETE.  0 WARNING(S),  0 ERROR(S)
