<html>
<body>
<pre>
<h1>µVision Build Log</h1>
<h2>Project:</h2>
F:\·ÉÐÐÆ÷Àú³Ì\Quadrotor-PWM-IN\USER\Quadrotor.uvproj
Project File Date:  08/13/2016

<h2>Output:</h2>
Rebuild target 'Quadrotor'
compiling main.c...
compiling stm32f4xx_it.c...
compiling system_stm32f4xx.c...
assembling startup_stm32f40_41xxx.s...
compiling misc.c...
compiling stm32f4xx_gpio.c...
compiling stm32f4xx_rcc.c...
compiling stm32f4xx_tim.c...
compiling delay.c...
compiling pwm_in.c...
linking...
Program Size: Code=8400 RO-data=424 RW-data=68 ZI-data=1652  
FromELF: creating hex file...
"..\Output\Quadrotor.axf" - 0 Error(s), 0 Warning(s).
</pre>
</body>
</html>
bol main (referred from rtentry2.o).
Not enough information to list image symbols.
Finished: 1 information, 0 warning and 1 error messages.
"..\Output\Quadrotor.axf" - 1 Error(s), 1 Warning(s).
Target not created
