<html>
<body>
<pre>
<h1>礦ision Build Log</h1>
<h2>Project:</h2>
F:\飞行器历程\Quadrotor-HMC5883L\USER\Quadrotor.uvproj
Project File Date:  08/14/2016

<h2>Output:</h2>
Rebuild target 'Quadrotor'
compiling main.c...
compiling stm32f4xx_it.c...
compiling system_stm32f4xx.c...
assembling startup_stm32f40_41xxx.s...
compiling misc.c...
compiling stm32f4xx_gpio.c...
compiling stm32f4xx_rcc.c...
compiling stm32f4xx_i2c.c...
compiling stm32f4xx_usart.c...
compiling delay.c...
compiling hmc5883l.c...
compiling mpu6050.c...
compiling iic.c...
compiling usart.c...
compiling data_transfer.c...
compiling led.c...
linking...
Program Size: Code=7328 RO-data=424 RW-data=68 ZI-data=1748  
FromELF: creating hex file...
"..\Output\Quadrotor.axf" - 0 Error(s), 0 Warning(s).
Load "..\\Output\\Quadrotor.axf" 
Set JLink Project File to "F:\飞行器历程\Quadrotor-HMC5883L\USER\JLinkSettings.ini"
* JLink Info: Device "STM32F407ZG" selected (1024 KB flash, 128 KB RAM).
 
JLink info:
------------
DLL: V4.80g, compiled Feb 13 2014 20:50:02
Firmware: J-Link ARM V8 compiled Nov 25 2013 19:20:08
Hardware: V8.00
S/N : 286370559 
Feature(s) : RDI,FlashDL,FlashBP,JFlash 
 
* JLink Info: Found SWD-DP with ID 0x2BA01477
* JLink Info: Found SWD-DP with ID 0x2BA01477
* JLink Info: Found Cortex-M4 r0p1, Little endian.
* JLink Info: FPUnit: 6 code (BP) slots and 2 literal slots
* JLink Info: TPIU fitted.
* JLink Info: ETM fitted.
ROMTableAddr = 0xE00FF003
 
Target info:
------------
Device: STM32F407ZG
VTarget = 3.267V
State of Pins: 
TCK: 0, TDI: 1, TDO: 1, TMS: 1, TRES: 1, TRST: 1
Hardware-Breakpoints: 6
Software-Breakpoints: 8192
Watchpoints:          4
JTAG speed: 4000 kHz
 
Erase Done.
Programming Done.
Verify OK.
Application running ...
</pre>
</body>
</html>
