<html>
<body>
<pre>
<h1>µVision Build Log</h1>
<h2>Project:</h2>
F:\·ÉÐÐÆ÷Àú³Ì\Quadrotor-EEPROM\USER\Quadrotor.uvproj
Project File Date:  08/19/2016

<h2>Output:</h2>
Rebuild target 'Quadrotor'
compiling main.c...
compiling stm32f4xx_it.c...
compiling system_stm32f4xx.c...
assembling startup_stm32f40_41xxx.s...
compiling misc.c...
compiling stm32f4xx_gpio.c...
compiling stm32f4xx_rcc.c...
compiling stm32f4xx_i2c.c...
compiling delay.c...
compiling iic.c...
compiling eeprom.c...
linking...
Program Size: Code=1308 RO-data=424 RW-data=24 ZI-data=1632  
FromELF: creating hex file...
"..\Output\Quadrotor.axf" - 0 Error(s), 0 Warning(s).
</pre>
</body>
</html>
